// Jest Snapshot v1, https://goo.gl/fbAQLP

exports[`Tests for <Rocket /> component Should match the snapshot 1`] = `
<div
  className="rocket"
>
  <img
    alt="Falcon 1"
    className="rocket__image"
    loading="lazy"
    src="Falcon1.jpg"
  />
  <div
    className="rocket__content"
  >
    <h2
      className="rocket__title"
    >
      Falcon 1
    </h2>
    <p
      className="rocket__description"
    >
      Falcon description
    </p>
    <button
      className="rocket__button reserve"
      onClick={[Function]}
      type="button"
    >
      Reserve Rocket
    </button>
  </div>
</div>
`;
