// Jest Snapshot v1, https://goo.gl/fbAQLP

exports[`Tests for <Rockets /> component Should match the snapshot 1`] = `
<section
  className="center rockets"
  data-testid="rockets-container"
>
  <div
    className="rocket"
  >
    <img
      alt="Falcon 1"
      className="rocket__image"
      loading="lazy"
      src="Falcon1.jpg"
    />
    <div
      className="rocket__content"
    >
      <h2
        className="rocket__title"
      >
        Falcon 1
      </h2>
      <p
        className="rocket__description"
      >
        Falcon description
      </p>
      <button
        className="rocket__button reserve"
        onClick={[Function]}
        type="button"
      >
        Reserve Rocket
      </button>
    </div>
  </div>
  <div
    className="rocket"
  >
    <img
      alt="Falcon 1"
      className="rocket__image"
      loading="lazy"
      src="Falcon1.jpg"
    />
    <div
      className="rocket__content"
    >
      <h2
        className="rocket__title"
      >
        Falcon 1
      </h2>
      <p
        className="rocket__description"
      >
        <span
          className="rocket__badge"
        >
          Reserved
        </span>
        Falcon description
      </p>
      <button
        className="rocket__button reserved"
        onClick={[Function]}
        type="button"
      >
        Cancel Reservation
      </button>
    </div>
  </div>
</section>
`;
